You can go to https://sky.twillio.com to start the conversation with one of our agents.