So, you are living at Town: townName, Street: streetName